// Jest Snapshot v1, https://goo.gl/fbAQLP

exports[`<App /> should render an App component 1`] = `
ShallowWrapper {
  "complexSelector": ComplexSelector {
    "buildPredicate": [Function],
    "childrenOfNode": [Function],
    "findWhereUnwrapped": [Function],
  },
  "length": 1,
  "node": <View
    style={
        Object {
            "flex": 1,
          }
    }
>
    <View
        style={
            Array [
                Object {
                  "alignItems": "center",
                  "borderBottomWidth": 1,
                  "borderColor": "#eee",
                  "justifyContent": "center",
                  "padding": 10,
                },
                Object {
                  "flex": 1,
                },
              ]
        }
    >
        <Text
            accessible={true}
            allowFontScaling={true}
            ellipsizeMode="tail"
            style={
                Object {
                    "color": "#2c3e50",
                    "fontSize": 20,
                    "fontWeight": "bold",
                  }
            }
        >
            Welcome to rmotr's Workshop!
        </Text>
        <Text
            accessible={true}
            allowFontScaling={true}
            ellipsizeMode="tail"
            style={
                Object {
                    "color": "#34495e",
                    "fontStyle": "italic",
                    "paddingBottom": 5,
                  }
            }
        >
            (Open up main.js to start working)
        </Text>
    </View>
</View>,
  "nodes": Array [
    <View
      style={
            Object {
                  "flex": 1,
                }
      }
>
      <View
            style={
                  Array [
                        Object {
                          "alignItems": "center",
                          "borderBottomWidth": 1,
                          "borderColor": "#eee",
                          "justifyContent": "center",
                          "padding": 10,
                        },
                        Object {
                          "flex": 1,
                        },
                      ]
            }
      >
            <Text
                  accessible={true}
                  allowFontScaling={true}
                  ellipsizeMode="tail"
                  style={
                        Object {
                              "color": "#2c3e50",
                              "fontSize": 20,
                              "fontWeight": "bold",
                            }
                  }
            >
                  Welcome to rmotr's Workshop!
            </Text>
            <Text
                  accessible={true}
                  allowFontScaling={true}
                  ellipsizeMode="tail"
                  style={
                        Object {
                              "color": "#34495e",
                              "fontStyle": "italic",
                              "paddingBottom": 5,
                            }
                  }
            >
                  (Open up main.js to start working)
            </Text>
      </View>
</View>,
  ],
  "options": Object {},
  "renderer": ReactShallowRenderer {
    "_instance": ShallowComponentWrapper {
      "_calledComponentWillUnmount": false,
      "_compositeType": 0,
      "_context": Object {},
      "_currentElement": <App />,
      "_debugID": 1,
      "_hostContainerInfo": null,
      "_hostParent": null,
      "_instance": App {
        "_reactInternalInstance": [Circular],
        "context": Object {},
        "props": Object {},
        "refs": Object {},
        "state": null,
        "updater": Object {
          "enqueueCallback": [Function],
          "enqueueCallbackInternal": [Function],
          "enqueueElementInternal": [Function],
          "enqueueForceUpdate": [Function],
          "enqueueReplaceState": [Function],
          "enqueueSetState": [Function],
          "isMounted": [Function],
          "validateCallback": [Function],
        },
      },
      "_mountOrder": 1,
      "_pendingCallbacks": null,
      "_pendingElement": null,
      "_pendingForceUpdate": false,
      "_pendingReplaceState": false,
      "_pendingStateQueue": null,
      "_renderedComponent": NoopInternalComponent {
        "_currentElement": <View
          style={
                    Object {
                              "flex": 1,
                            }
          }
>
          <View
                    style={
                              Array [
                                        Object {
                                          "alignItems": "center",
                                          "borderBottomWidth": 1,
                                          "borderColor": "#eee",
                                          "justifyContent": "center",
                                          "padding": 10,
                                        },
                                        Object {
                                          "flex": 1,
                                        },
                                      ]
                    }
          >
                    <Text
                              accessible={true}
                              allowFontScaling={true}
                              ellipsizeMode="tail"
                              style={
                                        Object {
                                                  "color": "#2c3e50",
                                                  "fontSize": 20,
                                                  "fontWeight": "bold",
                                                }
                              }
                    >
                              Welcome to rmotr's Workshop!
                    </Text>
                    <Text
                              accessible={true}
                              allowFontScaling={true}
                              ellipsizeMode="tail"
                              style={
                                        Object {
                                                  "color": "#34495e",
                                                  "fontStyle": "italic",
                                                  "paddingBottom": 5,
                                                }
                              }
                    >
                              (Open up main.js to start working)
                    </Text>
          </View>
</View>,
        "_debugID": 2,
        "_renderedOutput": <View
          style={
                    Object {
                              "flex": 1,
                            }
          }
>
          <View
                    style={
                              Array [
                                        Object {
                                          "alignItems": "center",
                                          "borderBottomWidth": 1,
                                          "borderColor": "#eee",
                                          "justifyContent": "center",
                                          "padding": 10,
                                        },
                                        Object {
                                          "flex": 1,
                                        },
                                      ]
                    }
          >
                    <Text
                              accessible={true}
                              allowFontScaling={true}
                              ellipsizeMode="tail"
                              style={
                                        Object {
                                                  "color": "#2c3e50",
                                                  "fontSize": 20,
                                                  "fontWeight": "bold",
                                                }
                              }
                    >
                              Welcome to rmotr's Workshop!
                    </Text>
                    <Text
                              accessible={true}
                              allowFontScaling={true}
                              ellipsizeMode="tail"
                              style={
                                        Object {
                                                  "color": "#34495e",
                                                  "fontStyle": "italic",
                                                  "paddingBottom": 5,
                                                }
                              }
                    >
                              (Open up main.js to start working)
                    </Text>
          </View>
</View>,
      },
      "_renderedNodeType": 1,
      "_rootNodeID": 0,
      "_topLevelWrapper": null,
      "_updateBatchNumber": null,
      "_warnedAboutRefsInRender": false,
    },
    "getRenderOutput": [Function],
    "render": [Function],
  },
  "root": [Circular],
  "unrendered": <App />,
}
`;
